[
  {
    "type": "https://problems.luna.akamaiapis.net/papi/v0/validation/validation_message.ssl_delegate_warning_rotate",
    "detail": "If your `Origin Server` uses HTTPS, make sure to follow \u003ca href=\"/dl/property-manager/property-manager-help/csh_lookup.html?id=PM_0034\" target=\"_blank\"\u003ethis procedure\u003c/a\u003e to avoid a service outage or a security breach when you rotate your origin's certificate.",
    "errorLocation": "#/rules/behaviors/0"
  }
]